=======================================================
  RUN DAILY — unattended entry point (Render)
  2026-09-09 03:30:07
=======================================================
Open positions in Supabase: ['NTPC']
Open position(s) found — running full-day monitor from now until market close...
Logged in successfully
Resolved APOLLOHOSP -> APOLLOHOSP-EQ (token 157)
Resolved NTPC -> NTPC-EQ (token 11630)
Resolved GRASIM -> GRASIM-EQ (token 1232)
Resolved EICHERMOT -> EICHERMOT-EQ (token 910)
Resolved TATASTEEL -> TATASTEEL-EQ (token 3499)
Live feed started
WebSocket connected — monitoring...

⚠️  WebSocket closed: The Session has been Closed!
⚠️  No ticks for 20098s — reconnecting...
Socket Connection has been closed, So! The scripts are already un-subscribed!
The Data has been Un-Subscribed
✅ Reconnected
WebSocket connected — monitoring...

⚠️  No ticks for 61s — reconnecting...
The Data has been Un-Subscribed
✅ Reconnected
⚠️  No ticks for 61s — reconnecting...
The Data has been Un-Subscribed
✅ Reconnected
⚠️  No ticks for 61s — reconnecting...
The Data has been Un-Subscribed
✅ Reconnected
⚠️  No ticks for 61s — reconnecting...
The Data has been Un-Subscribed
✅ Reconnected
⚠️  No ticks for 61s — reconnecting...
The Data has been Un-Subscribed
✅ Reconnected
⚠️  No ticks for 61s — reconnecting...
The Data has been Un-Subscribed
✅ Reconnected
⚠️  No ticks for 61s — reconnecting...
The Data has been Un-Subscribed
✅ Reconnected
⚠️  No ticks for 61s — reconnecting...
The Data has been Un-Subscribed
✅ Reconnected
⚠️  No ticks for 61s — reconnecting...
The Data has been Un-Subscribed
✅ Reconnected
⚠️  No ticks for 61s — reconnecting...
The Data has been Un-Subscribed
✅ Reconnected
⚠️  No ticks for 61s — reconnecting...
The Data has been Un-Subscribed
✅ Reconnected
⚠️  No ticks for 61s — reconnecting...
The Data has been Un-Subscribed
✅ Reconnected
⚠️  No ticks for 61s — reconnecting...
The Data has been Un-Subscribed
✅ Reconnected
⚠️  No ticks for 61s — reconnecting...
The Data has been Un-Subscribed
✅ Reconnected
⚠️  No ticks for 61s — reconnecting...
The Data has been Un-Subscribed
✅ Reconnected
⚠️  No ticks for 61s — reconnecting...
The Data has been Un-Subscribed
✅ Reconnected
⚠️  No ticks for 61s — reconnecting...
The Data has been Un-Subscribed
✅ Reconnected
⚠️  No ticks for 61s — reconnecting...
The Data has been Un-Subscribed
✅ Reconnected
⚠️  No ticks for 61s — reconnecting...
The Data has been Un-Subscribed
✅ Reconnected
⚠️  No ticks for 61s — reconnecting...
The Data has been Un-Subscribed
✅ Reconnected
⚠️  No ticks for 61s — reconnecting...
The Data has been Un-Subscribed
✅ Reconnected
⚠️  No ticks for 61s — reconnecting...
The Data has been Un-Subscribed
✅ Reconnected
⚠️  No ticks for 61s — reconnecting...
The Data has been Un-Subscribed
✅ Reconnected
⚠️  No ticks for 61s — reconnecting...
The Data has been Un-Subscribed
✅ Reconnected
⚠️  No ticks for 61s — reconnecting...
The Data has been Un-Subscribed
✅ Reconnected
⚠️  No ticks for 61s — reconnecting...
The Data has been Un-Subscribed
✅ Reconnected
⚠️  No ticks for 61s — reconnecting...
The Data has been Un-Subscribed
✅ Reconnected
⚠️  No ticks for 61s — reconnecting...
The Data has been Un-Subscribed
✅ Reconnected
⚠️  No ticks for 61s — reconnecting...
The Data has been Un-Subscribed
✅ Reconnected
⚠️  No ticks for 61s — reconnecting...
The Data has been Un-Subscribed
✅ Reconnected
⚠️  No ticks for 61s — reconnecting...
The Data has been Un-Subscribed
✅ Reconnected
⚠️  No ticks for 61s — reconnecting...
The Data has been Un-Subscribed
✅ Reconnected
⚠️  No ticks for 61s — reconnecting...
The Data has been Un-Subscribed
✅ Reconnected
⚠️  No ticks for 61s — reconnecting...
The Data has been Un-Subscribed
✅ Reconnected
⚠️  No ticks for 61s — reconnecting...
The Data has been Un-Subscribed
✅ Reconnected
⚠️  No ticks for 61s — reconnecting...
The Data has been Un-Subscribed
✅ Reconnected
⚠️  No ticks for 61s — reconnecting...
The Data has been Un-Subscribed
✅ Reconnected
⚠️  No ticks for 61s — reconnecting...
The Data has been Un-Subscribed
✅ Reconnected
⚠️  No ticks for 61s — reconnecting...
The Data has been Un-Subscribed
✅ Reconnected
⚠️  No ticks for 61s — reconnecting...
The Data has been Un-Subscribed
✅ Reconnected
⚠️  No ticks for 61s — reconnecting...
The Data has been Un-Subscribed
✅ Reconnected
⚠️  No ticks for 61s — reconnecting...
The Data has been Un-Subscribed
✅ Reconnected
⚠️  No ticks for 61s — reconnecting...
The Data has been Un-Subscribed
✅ Reconnected
[run_daily_and_push] WARNING: run_daily.py hit the 8h timeout and was killed — investigate for a hang.
