=======================================================
  RUN DAILY — unattended entry point (Render)
  2026-09-21 05:36:52
=======================================================
Open positions in Supabase: ['NTPC']
Open position(s) found — running full-day monitor from now until market close...
Logged in successfully
Resolved APOLLOHOSP -> APOLLOHOSP-EQ (token 157)
Resolved NTPC -> NTPC-EQ (token 11630)
Resolved GRASIM -> GRASIM-EQ (token 1232)
Resolved EICHERMOT -> EICHERMOT-EQ (token 910)
Resolved TATASTEEL -> TATASTEEL-EQ (token 3499)
Live feed started
WebSocket connected — monitoring...

⚠️  No ticks for 61s — reconnecting (attempt 1)...
The Data has been Un-Subscribed
✅ Reconnected
⚠️  No ticks for 61s — reconnecting (attempt 1)...
The Data has been Un-Subscribed
✅ Reconnected
⚠️  No ticks for 61s — reconnecting (attempt 1)...
The Data has been Un-Subscribed
✅ Reconnected
⚠️  No ticks for 61s — reconnecting (attempt 1)...
The Data has been Un-Subscribed
✅ Reconnected
⚠️  No ticks for 61s — reconnecting (attempt 1)...
The Data has been Un-Subscribed
✅ Reconnected
⚠️  No ticks for 61s — reconnecting (attempt 1)...
The Data has been Un-Subscribed
✅ Reconnected
⚠️  No ticks for 61s — reconnecting (attempt 1)...
The Data has been Un-Subscribed
✅ Reconnected
⚠️  No ticks for 61s — reconnecting (attempt 1)...
The Data has been Un-Subscribed
✅ Reconnected
⚠️  No ticks for 61s — reconnecting (attempt 1)...
The Data has been Un-Subscribed
✅ Reconnected
⚠️  No ticks for 61s — reconnecting (attempt 1)...
The Data has been Un-Subscribed
✅ Reconnected
⚠️  No ticks for 61s — reconnecting (attempt 1)...
The Data has been Un-Subscribed
✅ Reconnected
⚠️  No ticks for 61s — reconnecting (attempt 1)...
The Data has been Un-Subscribed
✅ Reconnected
⚠️  No ticks for 61s — reconnecting (attempt 1)...
The Data has been Un-Subscribed
✅ Reconnected
⚠️  No ticks for 61s — reconnecting (attempt 1)...
The Data has been Un-Subscribed
✅ Reconnected
⚠️  No ticks for 61s — reconnecting (attempt 1)...
The Data has been Un-Subscribed
✅ Reconnected
⚠️  No ticks for 61s — reconnecting (attempt 1)...
The Data has been Un-Subscribed
✅ Reconnected
⚠️  No ticks for 61s — reconnecting (attempt 1)...
The Data has been Un-Subscribed
✅ Reconnected
⚠️  No ticks for 61s — reconnecting (attempt 1)...
The Data has been Un-Subscribed
✅ Reconnected
⚠️  No ticks for 61s — reconnecting (attempt 1)...
The Data has been Un-Subscribed
✅ Reconnected
⚠️  No ticks for 61s — reconnecting (attempt 1)...
The Data has been Un-Subscribed
✅ Reconnected
⚠️  No ticks for 61s — reconnecting (attempt 1)...
The Data has been Un-Subscribed
✅ Reconnected
⚠️  No ticks for 61s — reconnecting (attempt 1)...
The Data has been Un-Subscribed
✅ Reconnected
⚠️  No ticks for 61s — reconnecting (attempt 1)...
The Data has been Un-Subscribed
✅ Reconnected
⚠️  No ticks for 61s — reconnecting (attempt 1)...
The Data has been Un-Subscribed
✅ Reconnected
⚠️  No ticks for 61s — reconnecting (attempt 1)...
The Data has been Un-Subscribed
✅ Reconnected
⚠️  No ticks for 61s — reconnecting (attempt 1)...
The Data has been Un-Subscribed
✅ Reconnected
⚠️  No ticks for 61s — reconnecting (attempt 1)...
The Data has been Un-Subscribed
✅ Reconnected
⚠️  No ticks for 61s — reconnecting (attempt 1)...
The Data has been Un-Subscribed
✅ Reconnected
⚠️  No ticks for 61s — reconnecting (attempt 1)...
The Data has been Un-Subscribed
✅ Reconnected
⚠️  No ticks for 61s — reconnecting (attempt 1)...
The Data has been Un-Subscribed
✅ Reconnected
⚠️  No ticks for 61s — reconnecting (attempt 1)...
The Data has been Un-Subscribed
✅ Reconnected
⚠️  No ticks for 61s — reconnecting (attempt 1)...
The Data has been Un-Subscribed
✅ Reconnected
⚠️  No ticks for 61s — reconnecting (attempt 1)...
The Data has been Un-Subscribed
✅ Reconnected
⚠️  No ticks for 61s — reconnecting (attempt 1)...
The Data has been Un-Subscribed
✅ Reconnected
⚠️  No ticks for 61s — reconnecting (attempt 1)...
The Data has been Un-Subscribed
✅ Reconnected
⚠️  No ticks for 61s — reconnecting (attempt 1)...
The Data has been Un-Subscribed
✅ Reconnected
⚠️  No ticks for 61s — reconnecting (attempt 1)...
The Data has been Un-Subscribed
✅ Reconnected
⚠️  No ticks for 61s — reconnecting (attempt 1)...
The Data has been Un-Subscribed
✅ Reconnected
⚠️  No ticks for 61s — reconnecting (attempt 1)...
The Data has been Un-Subscribed
✅ Reconnected
⚠️  No ticks for 61s — reconnecting (attempt 1)...
The Data has been Un-Subscribed
✅ Reconnected
⚠️  No ticks for 61s — reconnecting (attempt 1)...
The Data has been Un-Subscribed
✅ Reconnected
⚠️  No ticks for 61s — reconnecting (attempt 1)...
The Data has been Un-Subscribed
✅ Reconnected
⚠️  No ticks for 61s — reconnecting (attempt 1)...
The Data has been Un-Subscribed
✅ Reconnected
⚠️  No ticks for 61s — reconnecting (attempt 1)...
The Data has been Un-Subscribed
✅ Reconnected
⚠️  No ticks for 61s — reconnecting (attempt 1)...
The Data has been Un-Subscribed
✅ Reconnected
⚠️  No ticks for 61s — reconnecting (attempt 1)...
The Data has been Un-Subscribed
✅ Reconnected
⚠️  No ticks for 61s — reconnecting (attempt 1)...
The Data has been Un-Subscribed
✅ Reconnected
⚠️  No ticks for 61s — reconnecting (attempt 1)...
The Data has been Un-Subscribed
✅ Reconnected
⚠️  No ticks for 61s — reconnecting (attempt 1)...
The Data has been Un-Subscribed
✅ Reconnected
⚠️  No ticks for 61s — reconnecting (attempt 1)...
The Data has been Un-Subscribed
✅ Reconnected
⚠️  No ticks for 61s — reconnecting (attempt 1)...
The Data has been Un-Subscribed
✅ Reconnected
⚠️  No ticks for 61s — reconnecting (attempt 1)...
The Data has been Un-Subscribed
✅ Reconnected
⚠️  No ticks for 61s — reconnecting (attempt 1)...
The Data has been Un-Subscribed
✅ Reconnected
⚠️  No ticks for 61s — reconnecting (attempt 1)...
The Data has been Un-Subscribed
✅ Reconnected
⚠️  No ticks for 61s — reconnecting (attempt 1)...
The Data has been Un-Subscribed
✅ Reconnected
⚠️  No ticks for 61s — reconnecting (attempt 1)...
The Data has been Un-Subscribed
✅ Reconnected
⚠️  No ticks for 61s — reconnecting (attempt 1)...
The Data has been Un-Subscribed
✅ Reconnected
⚠️  No ticks for 61s — reconnecting (attempt 1)...
The Data has been Un-Subscribed
✅ Reconnected
⚠️  No ticks for 61s — reconnecting (attempt 1)...
The Data has been Un-Subscribed
✅ Reconnected
⚠️  No ticks for 61s — reconnecting (attempt 1)...
The Data has been Un-Subscribed
✅ Reconnected
⚠️  No ticks for 61s — reconnecting (attempt 1)...
The Data has been Un-Subscribed
✅ Reconnected
⚠️  No ticks for 61s — reconnecting (attempt 1)...
The Data has been Un-Subscribed
✅ Reconnected
⚠️  No ticks for 61s — reconnecting (attempt 1)...
The Data has been Un-Subscribed
✅ Reconnected
⚠️  No ticks for 61s — reconnecting (attempt 1)...
The Data has been Un-Subscribed
✅ Reconnected
⚠️  No ticks for 61s — reconnecting (attempt 1)...
The Data has been Un-Subscribed
✅ Reconnected
⚠️  No ticks for 61s — reconnecting (attempt 1)...
The Data has been Un-Subscribed
✅ Reconnected
⚠️  No ticks for 61s — reconnecting (attempt 1)...
The Data has been Un-Subscribed
✅ Reconnected
⚠️  No ticks for 61s — reconnecting (attempt 1)...
The Data has been Un-Subscribed
✅ Reconnected
⚠️  No ticks for 61s — reconnecting (attempt 1)...
The Data has been Un-Subscribed
✅ Reconnected
⚠️  No ticks for 61s — reconnecting (attempt 1)...
The Data has been Un-Subscribed
✅ Reconnected
⚠️  No ticks for 61s — reconnecting (attempt 1)...
The Data has been Un-Subscribed
✅ Reconnected
⚠️  No ticks for 61s — reconnecting (attempt 1)...
The Data has been Un-Subscribed
✅ Reconnected
⚠️  No ticks for 61s — reconnecting (attempt 1)...
The Data has been Un-Subscribed
✅ Reconnected
⚠️  No ticks for 61s — reconnecting (attempt 1)...
The Data has been Un-Subscribed
✅ Reconnected
⚠️  No ticks for 61s — reconnecting (attempt 1)...
The Data has been Un-Subscribed
✅ Reconnected
⚠️  No ticks for 61s — reconnecting (attempt 1)...
The Data has been Un-Subscribed
✅ Reconnected
⚠️  No ticks for 61s — reconnecting (attempt 1)...
The Data has been Un-Subscribed
✅ Reconnected
⚠️  No ticks for 61s — reconnecting (attempt 1)...
The Data has been Un-Subscribed
✅ Reconnected
⚠️  No ticks for 61s — reconnecting (attempt 1)...
The Data has been Un-Subscribed
✅ Reconnected
⚠️  No ticks for 61s — reconnecting (attempt 1)...
The Data has been Un-Subscribed
✅ Reconnected
⚠️  No ticks for 61s — reconnecting (attempt 1)...
The Data has been Un-Subscribed
✅ Reconnected
⚠️  No ticks for 61s — reconnecting (attempt 1)...
The Data has been Un-Subscribed
✅ Reconnected
⚠️  No ticks for 61s — reconnecting (attempt 1)...
The Data has been Un-Subscribed
✅ Reconnected
⚠️  No ticks for 61s — reconnecting (attempt 1)...
The Data has been Un-Subscribed
✅ Reconnected
⚠️  No ticks for 61s — reconnecting (attempt 1)...
The Data has been Un-Subscribed
✅ Reconnected
⚠️  No ticks for 61s — reconnecting (attempt 1)...
The Data has been Un-Subscribed
✅ Reconnected
⚠️  No ticks for 61s — reconnecting (attempt 1)...
The Data has been Un-Subscribed
✅ Reconnected
⚠️  No ticks for 61s — reconnecting (attempt 1)...
The Data has been Un-Subscribed
✅ Reconnected
⚠️  No ticks for 61s — reconnecting (attempt 1)...
The Data has been Un-Subscribed
✅ Reconnected
⚠️  No ticks for 61s — reconnecting (attempt 1)...
The Data has been Un-Subscribed
✅ Reconnected
⚠️  No ticks for 61s — reconnecting (attempt 1)...
The Data has been Un-Subscribed
✅ Reconnected
⚠️  No ticks for 61s — reconnecting (attempt 1)...
The Data has been Un-Subscribed
✅ Reconnected
⚠️  No ticks for 61s — reconnecting (attempt 1)...
The Data has been Un-Subscribed
✅ Reconnected
⚠️  No ticks for 61s — reconnecting (attempt 1)...
The Data has been Un-Subscribed
✅ Reconnected
⚠️  No ticks for 61s — reconnecting (attempt 1)...
The Data has been Un-Subscribed
✅ Reconnected
⚠️  No ticks for 61s — reconnecting (attempt 1)...
The Data has been Un-Subscribed
✅ Reconnected
⚠️  No ticks for 61s — reconnecting (attempt 1)...
The Data has been Un-Subscribed
✅ Reconnected
⚠️  No ticks for 61s — reconnecting (attempt 1)...
The Data has been Un-Subscribed
✅ Reconnected
⚠️  No ticks for 61s — reconnecting (attempt 1)...
The Data has been Un-Subscribed
✅ Reconnected
⚠️  No ticks for 61s — reconnecting (attempt 1)...
The Data has been Un-Subscribed
✅ Reconnected
⚠️  No ticks for 61s — reconnecting (attempt 1)...
The Data has been Un-Subscribed
✅ Reconnected
⚠️  No ticks for 61s — reconnecting (attempt 1)...
The Data has been Un-Subscribed
✅ Reconnected
⚠️  No ticks for 61s — reconnecting (attempt 1)...
The Data has been Un-Subscribed
✅ Reconnected
⚠️  No ticks for 61s — reconnecting (attempt 1)...
The Data has been Un-Subscribed
✅ Reconnected
⚠️  No ticks for 61s — reconnecting (attempt 1)...
The Data has been Un-Subscribed
✅ Reconnected
⚠️  No ticks for 61s — reconnecting (attempt 1)...
The Data has been Un-Subscribed
✅ Reconnected
⚠️  No ticks for 61s — reconnecting (attempt 1)...
The Data has been Un-Subscribed
✅ Reconnected
⚠️  No ticks for 61s — reconnecting (attempt 1)...
The Data has been Un-Subscribed
✅ Reconnected
⚠️  No ticks for 61s — reconnecting (attempt 1)...
The Data has been Un-Subscribed
✅ Reconnected
⚠️  No ticks for 61s — reconnecting (attempt 1)...
The Data has been Un-Subscribed
✅ Reconnected
⚠️  No ticks for 61s — reconnecting (attempt 1)...
The Data has been Un-Subscribed
✅ Reconnected
⚠️  No ticks for 61s — reconnecting (attempt 1)...
The Data has been Un-Subscribed
✅ Reconnected
⚠️  No ticks for 61s — reconnecting (attempt 1)...
The Data has been Un-Subscribed
✅ Reconnected
⚠️  No ticks for 61s — reconnecting (attempt 1)...
The Data has been Un-Subscribed
✅ Reconnected
⚠️  No ticks for 61s — reconnecting (attempt 1)...
The Data has been Un-Subscribed
✅ Reconnected
⚠️  No ticks for 61s — reconnecting (attempt 1)...
The Data has been Un-Subscribed
✅ Reconnected
⚠️  No ticks for 61s — reconnecting (attempt 1)...
The Data has been Un-Subscribed
✅ Reconnected
⚠️  No ticks for 61s — reconnecting (attempt 1)...
The Data has been Un-Subscribed
✅ Reconnected
⚠️  No ticks for 61s — reconnecting (attempt 1)...
The Data has been Un-Subscribed
✅ Reconnected
⚠️  No ticks for 61s — reconnecting (attempt 1)...
The Data has been Un-Subscribed
✅ Reconnected
⚠️  No ticks for 61s — reconnecting (attempt 1)...
The Data has been Un-Subscribed
✅ Reconnected
⚠️  No ticks for 61s — reconnecting (attempt 1)...
The Data has been Un-Subscribed
✅ Reconnected
⚠️  No ticks for 61s — reconnecting (attempt 1)...
The Data has been Un-Subscribed
✅ Reconnected
⚠️  No ticks for 61s — reconnecting (attempt 1)...
The Data has been Un-Subscribed
✅ Reconnected
⚠️  No ticks for 61s — reconnecting (attempt 1)...
The Data has been Un-Subscribed
✅ Reconnected
⚠️  No ticks for 61s — reconnecting (attempt 1)...
The Data has been Un-Subscribed
✅ Reconnected
⚠️  No ticks for 61s — reconnecting (attempt 1)...
The Data has been Un-Subscribed
✅ Reconnected
⚠️  No ticks for 61s — reconnecting (attempt 1)...
The Data has been Un-Subscribed
✅ Reconnected
⚠️  No ticks for 61s — reconnecting (attempt 1)...
The Data has been Un-Subscribed
✅ Reconnected
⚠️  No ticks for 61s — reconnecting (attempt 1)...
The Data has been Un-Subscribed
✅ Reconnected
⚠️  No ticks for 61s — reconnecting (attempt 1)...
The Data has been Un-Subscribed
✅ Reconnected
⚠️  No ticks for 61s — reconnecting (attempt 1)...
The Data has been Un-Subscribed
✅ Reconnected
⚠️  No ticks for 61s — reconnecting (attempt 1)...
The Data has been Un-Subscribed
✅ Reconnected
⚠️  No ticks for 61s — reconnecting (attempt 1)...
The Data has been Un-Subscribed
✅ Reconnected
⚠️  No ticks for 61s — reconnecting (attempt 1)...
The Data has been Un-Subscribed
✅ Reconnected
⚠️  No ticks for 61s — reconnecting (attempt 1)...
The Data has been Un-Subscribed
✅ Reconnected
⚠️  No ticks for 61s — reconnecting (attempt 1)...
The Data has been Un-Subscribed
✅ Reconnected
⚠️  No ticks for 61s — reconnecting (attempt 1)...
The Data has been Un-Subscribed
✅ Reconnected
⚠️  No ticks for 61s — reconnecting (attempt 1)...
The Data has been Un-Subscribed
✅ Reconnected
⚠️  No ticks for 61s — reconnecting (attempt 1)...
The Data has been Un-Subscribed
✅ Reconnected
⚠️  No ticks for 61s — reconnecting (attempt 1)...
The Data has been Un-Subscribed
✅ Reconnected
⚠️  No ticks for 61s — reconnecting (attempt 1)...
The Data has been Un-Subscribed
✅ Reconnected
⚠️  No ticks for 61s — reconnecting (attempt 1)...
The Data has been Un-Subscribed
✅ Reconnected
⚠️  No ticks for 61s — reconnecting (attempt 1)...
The Data has been Un-Subscribed
✅ Reconnected
⚠️  No ticks for 61s — reconnecting (attempt 1)...
The Data has been Un-Subscribed
✅ Reconnected
⚠️  No ticks for 61s — reconnecting (attempt 1)...
The Data has been Un-Subscribed
✅ Reconnected
⚠️  No ticks for 61s — reconnecting (attempt 1)...
The Data has been Un-Subscribed
✅ Reconnected
⚠️  No ticks for 61s — reconnecting (attempt 1)...
The Data has been Un-Subscribed
✅ Reconnected
⚠️  No ticks for 61s — reconnecting (attempt 1)...
The Data has been Un-Subscribed
✅ Reconnected
⚠️  No ticks for 61s — reconnecting (attempt 1)...
The Data has been Un-Subscribed
✅ Reconnected
⚠️  No ticks for 61s — reconnecting (attempt 1)...
The Data has been Un-Subscribed
✅ Reconnected
⚠️  No ticks for 61s — reconnecting (attempt 1)...
The Data has been Un-Subscribed
✅ Reconnected
⚠️  No ticks for 61s — reconnecting (attempt 1)...
The Data has been Un-Subscribed
✅ Reconnected
⚠️  No ticks for 61s — reconnecting (attempt 1)...
The Data has been Un-Subscribed
✅ Reconnected
⚠️  No ticks for 61s — reconnecting (attempt 1)...
The Data has been Un-Subscribed
✅ Reconnected
⚠️  No ticks for 61s — reconnecting (attempt 1)...
The Data has been Un-Subscribed
✅ Reconnected
⚠️  No ticks for 61s — reconnecting (attempt 1)...
The Data has been Un-Subscribed
✅ Reconnected
⚠️  No ticks for 61s — reconnecting (attempt 1)...
The Data has been Un-Subscribed
✅ Reconnected
⚠️  No ticks for 61s — reconnecting (attempt 1)...
The Data has been Un-Subscribed
✅ Reconnected
⚠️  No ticks for 61s — reconnecting (attempt 1)...
The Data has been Un-Subscribed
✅ Reconnected
⚠️  No ticks for 61s — reconnecting (attempt 1)...
The Data has been Un-Subscribed
✅ Reconnected
⚠️  No ticks for 61s — reconnecting (attempt 1)...
The Data has been Un-Subscribed
✅ Reconnected
⚠️  No ticks for 61s — reconnecting (attempt 1)...
The Data has been Un-Subscribed
✅ Reconnected
[run_daily_and_push] WARNING: run_daily.py hit the 8h timeout and was killed — investigate for a hang.
