=======================================================
  RUN DAILY — unattended entry point (Render)
  2026-09-14 03:30:09
=======================================================
Open positions in Supabase: ['NTPC']
Open position(s) found — running full-day monitor from now until market close...
Logged in successfully
Resolved APOLLOHOSP -> APOLLOHOSP-EQ (token 157)
Resolved NTPC -> NTPC-EQ (token 11630)
Resolved GRASIM -> GRASIM-EQ (token 1232)
Resolved EICHERMOT -> EICHERMOT-EQ (token 910)
Resolved TATASTEEL -> TATASTEEL-EQ (token 3499)
Live feed started
WebSocket connected — monitoring...

⚠️  WebSocket closed: The Session has been Closed!
⚠️  No ticks for 20672s — reconnecting...
Socket Connection has been closed, So! The scripts are already un-subscribed!
The Data has been Un-Subscribed
✅ Reconnected
WebSocket connected — monitoring...

⚠️  No ticks for 61s — reconnecting...
The Data has been Un-Subscribed
✅ Reconnected
⚠️  No ticks for 61s — reconnecting...
The Data has been Un-Subscribed
✅ Reconnected
⚠️  No ticks for 61s — reconnecting...
The Data has been Un-Subscribed
✅ Reconnected
⚠️  No ticks for 61s — reconnecting...
The Data has been Un-Subscribed
✅ Reconnected
⚠️  No ticks for 61s — reconnecting...
The Data has been Un-Subscribed
✅ Reconnected
⚠️  No ticks for 61s — reconnecting...
The Data has been Un-Subscribed
✅ Reconnected
⚠️  No ticks for 61s — reconnecting...
The Data has been Un-Subscribed
✅ Reconnected
⚠️  No ticks for 61s — reconnecting...
The Data has been Un-Subscribed
✅ Reconnected
⚠️  No ticks for 61s — reconnecting...
The Data has been Un-Subscribed
✅ Reconnected
⚠️  No ticks for 61s — reconnecting...
The Data has been Un-Subscribed
✅ Reconnected
⚠️  No ticks for 61s — reconnecting...
The Data has been Un-Subscribed
✅ Reconnected
⚠️  No ticks for 61s — reconnecting...
The Data has been Un-Subscribed
✅ Reconnected
⚠️  No ticks for 61s — reconnecting...
The Data has been Un-Subscribed
✅ Reconnected
⚠️  No ticks for 61s — reconnecting...
The Data has been Un-Subscribed
✅ Reconnected
⚠️  WebSocket closed: The Session has been Closed!
⚠️  Feed error: 504 Server Error: Gateway Timeout for url: https://itenopojyephpeuzwaho.supabase.co/rest/v1/positions?select=%2A
⚠️  WebSocket closed: The Session has been Closed!
⚠️  No ticks for 61s — reconnecting...
Socket Connection has been closed, So! The scripts are already un-subscribed!
The Data has been Un-Subscribed
✅ Reconnected
WebSocket connected — monitoring...

⚠️  No ticks for 61s — reconnecting...
The Data has been Un-Subscribed
✅ Reconnected
⚠️  No ticks for 61s — reconnecting...
The Data has been Un-Subscribed
✅ Reconnected
⚠️  No ticks for 61s — reconnecting...
The Data has been Un-Subscribed
✅ Reconnected
⚠️  No ticks for 61s — reconnecting...
The Data has been Un-Subscribed
✅ Reconnected
⚠️  No ticks for 61s — reconnecting...
The Data has been Un-Subscribed
✅ Reconnected
⚠️  No ticks for 61s — reconnecting...
The Data has been Un-Subscribed
✅ Reconnected
⚠️  No ticks for 61s — reconnecting...
The Data has been Un-Subscribed
✅ Reconnected
⚠️  No ticks for 61s — reconnecting...
The Data has been Un-Subscribed
✅ Reconnected
⚠️  No ticks for 61s — reconnecting...
The Data has been Un-Subscribed
✅ Reconnected
⚠️  No ticks for 61s — reconnecting...
The Data has been Un-Subscribed
✅ Reconnected
⚠️  No ticks for 61s — reconnecting...
The Data has been Un-Subscribed
✅ Reconnected
⚠️  No ticks for 61s — reconnecting...
The Data has been Un-Subscribed
✅ Reconnected
⚠️  No ticks for 61s — reconnecting...
The Data has been Un-Subscribed
✅ Reconnected
⚠️  No ticks for 61s — reconnecting...
The Data has been Un-Subscribed
✅ Reconnected
⚠️  No ticks for 61s — reconnecting...
The Data has been Un-Subscribed
✅ Reconnected
⚠️  No ticks for 61s — reconnecting...
The Data has been Un-Subscribed
✅ Reconnected
⚠️  No ticks for 61s — reconnecting...
The Data has been Un-Subscribed
✅ Reconnected
⚠️  No ticks for 61s — reconnecting...
The Data has been Un-Subscribed
✅ Reconnected
⚠️  No ticks for 61s — reconnecting...
The Data has been Un-Subscribed
✅ Reconnected
⚠️  No ticks for 61s — reconnecting...
The Data has been Un-Subscribed
✅ Reconnected
⚠️  No ticks for 61s — reconnecting...
The Data has been Un-Subscribed
✅ Reconnected
⚠️  No ticks for 61s — reconnecting...
The Data has been Un-Subscribed
✅ Reconnected
⚠️  No ticks for 61s — reconnecting...
The Data has been Un-Subscribed
✅ Reconnected
⚠️  No ticks for 61s — reconnecting...
The Data has been Un-Subscribed
✅ Reconnected
⚠️  No ticks for 61s — reconnecting...
The Data has been Un-Subscribed
✅ Reconnected
⚠️  No ticks for 61s — reconnecting...
The Data has been Un-Subscribed
✅ Reconnected
⚠️  No ticks for 61s — reconnecting...
The Data has been Un-Subscribed
✅ Reconnected
⚠️  No ticks for 61s — reconnecting...
The Data has been Un-Subscribed
✅ Reconnected
⚠️  No ticks for 61s — reconnecting...
The Data has been Un-Subscribed
✅ Reconnected
⚠️  No ticks for 61s — reconnecting...
The Data has been Un-Subscribed
✅ Reconnected
⚠️  No ticks for 61s — reconnecting...
The Data has been Un-Subscribed
✅ Reconnected
⚠️  No ticks for 61s — reconnecting...
The Data has been Un-Subscribed
✅ Reconnected
⚠️  No ticks for 61s — reconnecting...
The Data has been Un-Subscribed
✅ Reconnected
⚠️  No ticks for 61s — reconnecting...
The Data has been Un-Subscribed
✅ Reconnected
⚠️  No ticks for 61s — reconnecting...
The Data has been Un-Subscribed
✅ Reconnected
⚠️  No ticks for 61s — reconnecting...
The Data has been Un-Subscribed
✅ Reconnected
⚠️  No ticks for 61s — reconnecting...
The Data has been Un-Subscribed
✅ Reconnected
⚠️  No ticks for 61s — reconnecting...
The Data has been Un-Subscribed
✅ Reconnected
⚠️  No ticks for 61s — reconnecting...
The Data has been Un-Subscribed
✅ Reconnected
⚠️  No ticks for 61s — reconnecting...
The Data has been Un-Subscribed
✅ Reconnected
⚠️  No ticks for 61s — reconnecting...
The Data has been Un-Subscribed
✅ Reconnected
⚠️  No ticks for 61s — reconnecting...
The Data has been Un-Subscribed
✅ Reconnected
⚠️  No ticks for 61s — reconnecting...
The Data has been Un-Subscribed
✅ Reconnected
⚠️  No ticks for 61s — reconnecting...
The Data has been Un-Subscribed
✅ Reconnected
⚠️  No ticks for 61s — reconnecting...
The Data has been Un-Subscribed
✅ Reconnected
⚠️  No ticks for 61s — reconnecting...
The Data has been Un-Subscribed
✅ Reconnected
⚠️  No ticks for 61s — reconnecting...
The Data has been Un-Subscribed
✅ Reconnected
⚠️  Could not save OHLC state via save_fn: 504 Server Error: Gateway Timeout for url: https://itenopojyephpeuzwaho.supabase.co/rest/v1/ohlc_state?on_conflict=symbol%2Ctrade_date
⚠️  No ticks for 61s — reconnecting...
The Data has been Un-Subscribed
✅ Reconnected
⚠️  No ticks for 61s — reconnecting...
The Data has been Un-Subscribed
✅ Reconnected
⚠️  No ticks for 61s — reconnecting...
The Data has been Un-Subscribed
✅ Reconnected
⚠️  WebSocket closed: The Session has been Closed!
⚠️  Feed error: 504 Server Error: Gateway Timeout for url: https://itenopojyephpeuzwaho.supabase.co/rest/v1/positions?select=%2A
⚠️  WebSocket closed: The Session has been Closed!
⚠️  No ticks for 61s — reconnecting...
Socket Connection has been closed, So! The scripts are already un-subscribed!
The Data has been Un-Subscribed
✅ Reconnected
WebSocket connected — monitoring...

⚠️  No ticks for 61s — reconnecting...
The Data has been Un-Subscribed
✅ Reconnected
⚠️  Could not save OHLC state via save_fn: 504 Server Error: Gateway Timeout for url: https://itenopojyephpeuzwaho.supabase.co/rest/v1/ohlc_state?on_conflict=symbol%2Ctrade_date
⚠️  No ticks for 61s — reconnecting...
The Data has been Un-Subscribed
✅ Reconnected
⚠️  No ticks for 61s — reconnecting...
The Data has been Un-Subscribed
✅ Reconnected
⚠️  No ticks for 61s — reconnecting...
The Data has been Un-Subscribed
✅ Reconnected
⚠️  No ticks for 61s — reconnecting...
The Data has been Un-Subscribed
✅ Reconnected
⚠️  No ticks for 61s — reconnecting...
The Data has been Un-Subscribed
✅ Reconnected
⚠️  No ticks for 61s — reconnecting...
The Data has been Un-Subscribed
✅ Reconnected
⚠️  No ticks for 61s — reconnecting...
The Data has been Un-Subscribed
✅ Reconnected
⚠️  No ticks for 61s — reconnecting...
The Data has been Un-Subscribed
✅ Reconnected
⚠️  No ticks for 61s — reconnecting...
The Data has been Un-Subscribed
✅ Reconnected
⚠️  No ticks for 61s — reconnecting...
The Data has been Un-Subscribed
✅ Reconnected
⚠️  No ticks for 61s — reconnecting...
The Data has been Un-Subscribed
✅ Reconnected
⚠️  No ticks for 61s — reconnecting...
The Data has been Un-Subscribed
✅ Reconnected
⚠️  No ticks for 61s — reconnecting...
The Data has been Un-Subscribed
✅ Reconnected
⚠️  No ticks for 61s — reconnecting...
The Data has been Un-Subscribed
✅ Reconnected
⚠️  No ticks for 61s — reconnecting...
The Data has been Un-Subscribed
✅ Reconnected
⚠️  No ticks for 61s — reconnecting...
The Data has been Un-Subscribed
✅ Reconnected
⚠️  No ticks for 61s — reconnecting...
The Data has been Un-Subscribed
✅ Reconnected
⚠️  No ticks for 61s — reconnecting...
The Data has been Un-Subscribed
✅ Reconnected
⚠️  No ticks for 61s — reconnecting...
The Data has been Un-Subscribed
✅ Reconnected
⚠️  No ticks for 61s — reconnecting...
The Data has been Un-Subscribed
✅ Reconnected
⚠️  No ticks for 61s — reconnecting...
The Data has been Un-Subscribed
✅ Reconnected
⚠️  No ticks for 61s — reconnecting...
The Data has been Un-Subscribed
✅ Reconnected
⚠️  No ticks for 61s — reconnecting...
The Data has been Un-Subscribed
✅ Reconnected
⚠️  No ticks for 61s — reconnecting...
The Data has been Un-Subscribed
✅ Reconnected
⚠️  No ticks for 61s — reconnecting...
The Data has been Un-Subscribed
✅ Reconnected
⚠️  No ticks for 61s — reconnecting...
The Data has been Un-Subscribed
✅ Reconnected
⚠️  No ticks for 61s — reconnecting...
The Data has been Un-Subscribed
✅ Reconnected
⚠️  No ticks for 61s — reconnecting...
The Data has been Un-Subscribed
✅ Reconnected
⚠️  No ticks for 61s — reconnecting...
The Data has been Un-Subscribed
✅ Reconnected
⚠️  No ticks for 61s — reconnecting...
The Data has been Un-Subscribed
✅ Reconnected
⚠️  No ticks for 61s — reconnecting...
The Data has been Un-Subscribed
✅ Reconnected
⚠️  No ticks for 61s — reconnecting...
The Data has been Un-Subscribed
✅ Reconnected
⚠️  No ticks for 61s — reconnecting...
The Data has been Un-Subscribed
✅ Reconnected
⚠️  No ticks for 61s — reconnecting...
The Data has been Un-Subscribed
✅ Reconnected
⚠️  No ticks for 61s — reconnecting...
The Data has been Un-Subscribed
✅ Reconnected
⚠️  No ticks for 61s — reconnecting...
The Data has been Un-Subscribed
✅ Reconnected
⚠️  No ticks for 61s — reconnecting...
The Data has been Un-Subscribed
✅ Reconnected
⚠️  No ticks for 61s — reconnecting...
The Data has been Un-Subscribed
✅ Reconnected
⚠️  No ticks for 61s — reconnecting...
The Data has been Un-Subscribed
✅ Reconnected
⚠️  No ticks for 61s — reconnecting...
The Data has been Un-Subscribed
✅ Reconnected
⚠️  No ticks for 61s — reconnecting...
The Data has been Un-Subscribed
✅ Reconnected
⚠️  No ticks for 61s — reconnecting...
The Data has been Un-Subscribed
✅ Reconnected
⚠️  No ticks for 61s — reconnecting...
The Data has been Un-Subscribed
✅ Reconnected
⚠️  No ticks for 61s — reconnecting...
The Data has been Un-Subscribed
✅ Reconnected
⚠️  No ticks for 61s — reconnecting...
The Data has been Un-Subscribed
✅ Reconnected
[run_daily_and_push] WARNING: run_daily.py hit the 8h timeout and was killed — investigate for a hang.
