=======================================================
  RUN DAILY — unattended entry point (Render)
  2026-09-22 09:49:07
=======================================================
Open positions in Supabase: ['NTPC']
Open position(s) found — running full-day monitor from now until market close...
Logged in successfully
Resolved APOLLOHOSP -> APOLLOHOSP-EQ (token 157)
Resolved NTPC -> NTPC-EQ (token 11630)
Resolved GRASIM -> GRASIM-EQ (token 1232)
Resolved EICHERMOT -> EICHERMOT-EQ (token 910)
Resolved TATASTEEL -> TATASTEEL-EQ (token 3499)
Live feed started
WebSocket connected — monitoring...


⏰ 3:10 PM — running signal scan from today's aggregated ticks...

============================================================
  SIGNAL INTERPRETATION: TATASTEEL
============================================================
  Signal   : 🔴 SELL/EXIT
  Price    : ₹185.00
  RSI      : 49.0
  EMA20    : ₹185.18
  Volume   : Below average ✗

  📖 Candlestick Pattern:
    No named pattern detected — signal from indicators only

  📊 Indicator Checklist (need 3/4):
    [✗] Candlestick pattern
    [✗] Price > EMA20  — Price is below the 20-day EMA → stock is in a short-term downtrend
    [✓] RSI filter     — RSI > 40 → momentum not yet oversold enough to hold
    [✗] Volume filter  — Volume below average → weak conviction, treat signal with caution

  Conditions met: 1/4 (⚠️  Weak signal)

  📈 Trend Context:
    Prior Trend  : ❓ unknown
    Trend aligned: ⚠️  No — trade against trend context


============================================================
  SIGNAL INTERPRETATION: EICHERMOT
============================================================
  Signal   : 🔴 SELL/EXIT
  Price    : ₹7434.50
  RSI      : 32.0
  EMA20    : ₹7646.33
  Volume   : Below average ✗

  📖 Candlestick Pattern:
    No named pattern detected — signal from indicators only

  📊 Indicator Checklist (need 3/4):
    [✗] Candlestick pattern
    [✗] Price > EMA20  — Price is below the 20-day EMA → stock is in a short-term downtrend
    [✗] RSI filter     — RSI > 40 → momentum not yet oversold enough to hold
    [✗] Volume filter  — Volume below average → weak conviction, treat signal with caution

  Conditions met: 0/4 (⚠️  Weak signal)

  📈 Trend Context:
    Prior Trend  : ❓ unknown
    Trend aligned: ⚠️  No — trade against trend context


============================================================
  SIGNAL INTERPRETATION: NTPC
============================================================
  Signal   : 🔴 SELL/EXIT
  Price    : ₹327.50
  RSI      : 43.3
  EMA20    : ₹330.37
  Volume   : Below average ✗

  📖 Candlestick Pattern:
    No named pattern detected — signal from indicators only

  📊 Indicator Checklist (need 3/4):
    [✗] Candlestick pattern
    [✗] Price > EMA20  — Price is below the 20-day EMA → stock is in a short-term downtrend
    [✓] RSI filter     — RSI > 40 → momentum not yet oversold enough to hold
    [✗] Volume filter  — Volume below average → weak conviction, treat signal with caution

  Conditions met: 1/4 (⚠️  Weak signal)

  📈 Trend Context:
    Prior Trend  : ❓ unknown
    Trend aligned: ⚠️  No — trade against trend context


============================================================
  SIGNAL INTERPRETATION: GRASIM
============================================================
  Signal   : 🔴 SELL/EXIT
  Price    : ₹3131.60
  RSI      : 36.6
  EMA20    : ₹3235.69
  Volume   : Below average ✗

  📖 Candlestick Pattern:
    No named pattern detected — signal from indicators only

  📊 Indicator Checklist (need 3/4):
    [✗] Candlestick pattern
    [✗] Price > EMA20  — Price is below the 20-day EMA → stock is in a short-term downtrend
    [✗] RSI filter     — RSI > 40 → momentum not yet oversold enough to hold
    [✗] Volume filter  — Volume below average → weak conviction, treat signal with caution

  Conditions met: 0/4 (⚠️  Weak signal)

  📈 Trend Context:
    Prior Trend  : ❓ unknown
    Trend aligned: ⚠️  No — trade against trend context


============================================================
  SIGNAL INTERPRETATION: APOLLOHOSP
============================================================
  Signal   : 🔴 SELL/EXIT
  Price    : ₹8864.50
  RSI      : 52.7
  EMA20    : ₹8819.56
  Volume   : Below average ✗

  📖 Candlestick Pattern:
    No named pattern detected — signal from indicators only

  📊 Indicator Checklist (need 3/4):
    [✗] Candlestick pattern
    [✓] Price > EMA20  — Price is above the 20-day EMA → stock is in a short-term uptrend (Varsity Ch.13)
    [✓] RSI filter     — RSI > 40 → momentum not yet oversold enough to hold
    [✗] Volume filter  — Volume below average → weak conviction, treat signal with caution

  Conditions met: 2/4 (⚠️  Weak signal)

  📈 Trend Context:
    Prior Trend  : ❓ unknown
    Trend aligned: ⚠️  No — trade against trend context



✅ Market closed. Run ending.
Open positions carried forward: ['NTPC']
⚠️  WebSocket closed: The Session has been Closed!
